
> kampusabla-verified-campus-buddy@0.1.0 build
> vite build

[36mvite v5.4.19 [32mbuilding for production...[36m[39m
transforming...
[32m✓[39m 2448 modules transformed.
